------------------------------------------------------------
Timing Analyzer Summary
------------------------------------------------------------

Type  : Slow 1200mV 85C Model Setup 'CLK_50'
Slack : -7.747
TNS   : -232.427

Type  : Slow 1200mV 85C Model Setup 'freqdiv:divider4hz|clki'
Slack : -1.636
TNS   : -20.415

Type  : Slow 1200mV 85C Model Setup 'freqdiv:divider|clki'
Slack : -0.003
TNS   : -0.003

Type  : Slow 1200mV 85C Model Hold 'freqdiv:divider|clki'
Slack : 0.452
TNS   : 0.000

Type  : Slow 1200mV 85C Model Hold 'freqdiv:divider4hz|clki'
Slack : 0.465
TNS   : 0.000

Type  : Slow 1200mV 85C Model Hold 'CLK_50'
Slack : 0.734
TNS   : 0.000

Type  : Slow 1200mV 85C Model Minimum Pulse Width 'CLK_50'
Slack : -3.000
TNS   : -98.168

Type  : Slow 1200mV 85C Model Minimum Pulse Width 'freqdiv:divider4hz|clki'
Slack : -1.487
TNS   : -23.792

Type  : Slow 1200mV 85C Model Minimum Pulse Width 'freqdiv:divider|clki'
Slack : -1.487
TNS   : -2.974

Type  : Slow 1200mV 0C Model Setup 'CLK_50'
Slack : -7.202
TNS   : -206.259

Type  : Slow 1200mV 0C Model Setup 'freqdiv:divider4hz|clki'
Slack : -1.410
TNS   : -17.216

Type  : Slow 1200mV 0C Model Setup 'freqdiv:divider|clki'
Slack : 0.090
TNS   : 0.000

Type  : Slow 1200mV 0C Model Hold 'freqdiv:divider|clki'
Slack : 0.400
TNS   : 0.000

Type  : Slow 1200mV 0C Model Hold 'freqdiv:divider4hz|clki'
Slack : 0.416
TNS   : 0.000

Type  : Slow 1200mV 0C Model Hold 'CLK_50'
Slack : 0.682
TNS   : 0.000

Type  : Slow 1200mV 0C Model Minimum Pulse Width 'CLK_50'
Slack : -3.000
TNS   : -98.168

Type  : Slow 1200mV 0C Model Minimum Pulse Width 'freqdiv:divider4hz|clki'
Slack : -1.487
TNS   : -23.792

Type  : Slow 1200mV 0C Model Minimum Pulse Width 'freqdiv:divider|clki'
Slack : -1.487
TNS   : -2.974

Type  : Fast 1200mV 0C Model Setup 'CLK_50'
Slack : -2.788
TNS   : -66.534

Type  : Fast 1200mV 0C Model Setup 'freqdiv:divider4hz|clki'
Slack : -0.144
TNS   : -0.708

Type  : Fast 1200mV 0C Model Setup 'freqdiv:divider|clki'
Slack : 0.565
TNS   : 0.000

Type  : Fast 1200mV 0C Model Hold 'freqdiv:divider|clki'
Slack : 0.186
TNS   : 0.000

Type  : Fast 1200mV 0C Model Hold 'freqdiv:divider4hz|clki'
Slack : 0.193
TNS   : 0.000

Type  : Fast 1200mV 0C Model Hold 'CLK_50'
Slack : 0.290
TNS   : 0.000

Type  : Fast 1200mV 0C Model Minimum Pulse Width 'CLK_50'
Slack : -3.000
TNS   : -86.160

Type  : Fast 1200mV 0C Model Minimum Pulse Width 'freqdiv:divider4hz|clki'
Slack : -1.000
TNS   : -16.000

Type  : Fast 1200mV 0C Model Minimum Pulse Width 'freqdiv:divider|clki'
Slack : -1.000
TNS   : -2.000

------------------------------------------------------------
